

HI-TECH Software PIC LITE Macro Assembler V9.80 build 6738 
                                                                                               Wed Jun 20 23:01:30 2012

HI-TECH Software Omniscient Code Generator (Lite mode) build 6738
     1  0000                     opt subtitle "HI-TECH Software Omniscient Code Generator (Lite mode) build 6738"
     2                           
     3                           opt pagewidth 120
     4                           
     5                           	opt lm
     6                           
     7                           	processor	16F876A
     8                           clrc	macro
     9                           	bcf	3,0
    10  0000                     	endm
    11                           clrz	macro
    12                           	bcf	3,2
    13  0000                     	endm
    14                           setc	macro
    15                           	bsf	3,0
    16  0000                     	endm
    17                           setz	macro
    18                           	bsf	3,2
    19  0000                     	endm
    20                           skipc	macro
    21                           	btfss	3,0
    22  0000                     	endm
    23                           skipz	macro
    24                           	btfss	3,2
    25  0000                     	endm
    26                           skipnc	macro
    27                           	btfsc	3,0
    28  0000                     	endm
    29                           skipnz	macro
    30                           	btfsc	3,2
    31  0000                     	endm
    32  0000                     indf	equ	0
    33  0000                     indf0	equ	0
    34  0002                     pc	equ	2
    35  0002                     pcl	equ	2
    36  0003                     status	equ	3
    37  0004                     fsr	equ	4
    38  0004                     fsr0	equ	4
    39  0001                     c	equ	1
    40  0000                     z	equ	0
    41  000A                     pclath	equ	10
    42                           # 15 "C:\Users\Phang\Desktop\9.80\PR 16_TX\PR16TX.c"
    43                           	psect config,class=CONFIG,delta=2 ;#
    44                           # 15 "C:\Users\Phang\Desktop\9.80\PR 16_TX\PR16TX.c"
    45  2007  3F32               	dw 0x3F32 ;#
    46                           	FNCALL	_main,_send_packet
    47                           	FNCALL	_send_packet,_uart_send
    48                           	FNROOT	_main
    49                           	global	main@F459
    50                           psect	idataBANK0,class=CODE,space=0,delta=2
    51                           global __pidataBANK0
    52  06EC                     __pidataBANK0:
    53                           	file	"C:\Users\Phang\Desktop\9.80\PR 16_TX\PR16TX.c"
    54                           	line	41
    55                           
    56                           ;initializer for main@F459
    57  06EC  347F               	retlw	07Fh
    58  06ED  340D               	retlw	0Dh
    59  06EE  34B7               	retlw	0B7h
    60  06EF  349F               	retlw	09Fh
    61  06F0  34CD               	retlw	0CDh
    62  06F1  34DB               	retlw	0DBh
    63  06F2  34FB               	retlw	0FBh
    64  06F3  340F               	retlw	0Fh
    65  06F4  34FF               	retlw	0FFh
    66  06F5  34DF               	retlw	0DFh
    67  06F6  34EF               	retlw	0EFh
    68  06F7  34F9               	retlw	0F9h
    69  06F8  3473               	retlw	073h
    70  06F9  34BD               	retlw	0BDh
    71  06FA  34F3               	retlw	0F3h
    72  06FB  34E3               	retlw	0E3h
    73                           	global	_PORTB
    74  0006                     _PORTB	set	6
    75                           	global	_TXREG
    76  0019                     _TXREG	set	25
    77                           	global	_RA1
    78  0029                     _RA1	set	41
    79                           	global	_RA2
    80  002A                     _RA2	set	42
    81                           	global	_RA3
    82  002B                     _RA3	set	43
    83                           	global	_SPEN
    84  00C7                     _SPEN	set	199
    85                           	global	_TXIF
    86  0064                     _TXIF	set	100
    87                           	global	_ADCON1
    88  009F                     _ADCON1	set	159
    89                           	global	_SPBRG
    90  0099                     _SPBRG	set	153
    91                           	global	_TRISA
    92  0085                     _TRISA	set	133
    93                           	global	_TRISB
    94  0086                     _TRISB	set	134
    95                           	global	_BRGH
    96  04C2                     _BRGH	set	1218
    97                           	global	_SYNC
    98  04C4                     _SYNC	set	1220
    99                           	global	_TX9
   100  04C6                     _TX9	set	1222
   101                           	global	_TXEN
   102  04C5                     _TXEN	set	1221
   103                           	file	"PR 16_TX.as"
   104                           	line	#
   105                           psect cinit,class=CODE,delta=2
   106                           global start_initialization
   107  070D                     start_initialization:
   108                           
   109                           psect	dataBANK0,class=BANK0,space=1
   110                           global __pdataBANK0
   111  0032                     __pdataBANK0:
   112                           	file	"C:\Users\Phang\Desktop\9.80\PR 16_TX\PR16TX.c"
   113  0032                     main@F459:
   114  0032                            ds      16
   115                           
   116                           global btemp
   117                           psect inittext,class=CODE,delta=2
   118                           global init_fetch,btemp
   119                           ;	Called with low address in FSR and high address in W
   120  06FC                     init_fetch:
   121  06FC  087E               	movf btemp,w
   122  06FD  008A               	movwf pclath
   123  06FE  087F               	movf btemp+1,w
   124  06FF  0082               	movwf pc
   125                           global init_ram
   126                           ;Called with:
   127                           ;	high address of idata address in btemp 
   128                           ;	low address of idata address in btemp+1 
   129                           ;	low address of data in FSR
   130                           ;	high address + 1 of data in btemp-1
   131  0700                     init_ram:
   132  0700  26FC  120A  118A   	fcall init_fetch
   133  0703  0080               	movwf indf,f
   134  0704  0A84               	incf fsr,f
   135  0705  0804               	movf fsr,w
   136  0706  067D               	xorwf btemp-1,w
   137  0707  1903               	btfsc status,2
   138  0708  3400               	retlw 0
   139  0709  0AFF               	incf btemp+1,f
   140  070A  1903               	btfsc status,2
   141  070B  0AFE               	incf btemp,f
   142  070C  2F00               	goto init_ram
   143                           ; Initialize objects allocated to BANK0
   144                           psect cinit,class=CODE,delta=2
   145                           global init_ram, __pidataBANK0
   146  070D  1383               	bcf	status, 7	;select IRP bank0
   147  070E  3042               	movlw low(__pdataBANK0+16)
   148  070F  00FD               	movwf btemp-1,f
   149  0710  3006               	movlw high(__pidataBANK0)
   150  0711  00FE               	movwf btemp,f
   151  0712  30EC               	movlw low(__pidataBANK0)
   152  0713  00FF               	movwf btemp+1,f
   153  0714  3032               	movlw low(__pdataBANK0)
   154  0715  0084               	movwf fsr,f
   155  0716  120A  118A  2700   	fcall init_ram
              120A  118A         
   156                           psect cinit,class=CODE,delta=2
   157                           global end_of_initialization
   158                           
   159                           ;End of C runtime variable initialization code
   160                           
   161  071B                     end_of_initialization:
   162  071B  0183               clrf status
   163  071C  120A  118A  2F6D   ljmp _main	;jump to C main() function
   164                           psect	cstackCOMMON,class=COMMON,space=1
   165                           global __pcstackCOMMON
   166  0070                     __pcstackCOMMON:
   167                           	global	?_send_packet
   168  0070                     ?_send_packet:	; 0 bytes @ 0x0
   169                           	global	?_main
   170  0070                     ?_main:	; 0 bytes @ 0x0
   171                           	global	?_uart_send
   172  0070                     ?_uart_send:	; 0 bytes @ 0x0
   173                           	global	??_uart_send
   174  0070                     ??_uart_send:	; 0 bytes @ 0x0
   175                           	global	uart_send@data
   176  0070                     uart_send@data:	; 1 bytes @ 0x0
   177  0070                     	ds	1
   178                           	global	??_send_packet
   179  0071                     ??_send_packet:	; 0 bytes @ 0x1
   180  0071                     	ds	1
   181                           	global	send_packet@buffer
   182  0072                     send_packet@buffer:	; 3 bytes @ 0x2
   183  0072                     	ds	3
   184                           	global	send_packet@data
   185  0075                     send_packet@data:	; 1 bytes @ 0x5
   186  0075                     	ds	1
   187                           	global	send_packet@i
   188  0076                     send_packet@i:	; 1 bytes @ 0x6
   189  0076                     	ds	1
   190                           	global	??_main
   191  0077                     ??_main:	; 0 bytes @ 0x7
   192  0077                     	ds	4
   193                           psect	cstackBANK0,class=BANK0,space=1
   194                           global __pcstackBANK0
   195  0020                     __pcstackBANK0:
   196                           	global	main@_7seg
   197  0020                     main@_7seg:	; 16 bytes @ 0x0
   198  0020                     	ds	16
   199                           	global	main@no
   200  0030                     main@no:	; 1 bytes @ 0x10
   201  0030                     	ds	1
   202                           	global	main@num
   203  0031                     main@num:	; 1 bytes @ 0x11
   204  0031                     	ds	1
   205 ;;Data sizes: Strings 0, constant 0, data 16, bss 0, persistent 0 stack 0
   206 ;;Auto spaces:   Size  Autos    Used
   207 ;; COMMON          14     11      11
   208 ;; BANK0           80     18      34
   209 ;; BANK1           80      0       0
   210 ;; BANK3           96      0       0
   211 ;; BANK2           96      0       0
   212                           
   213 ;;
   214 ;; Pointer list with targets:
   215                           
   216                           
   217                           
   218 ;;
   219 ;; Critical Paths under _main in COMMON
   220 ;;
   221 ;;   _main->_send_packet
   222 ;;   _send_packet->_uart_send
   223 ;;
   224 ;; Critical Paths under _main in BANK0
   225 ;;
   226 ;;   None.
   227 ;;
   228 ;; Critical Paths under _main in BANK1
   229 ;;
   230 ;;   None.
   231 ;;
   232 ;; Critical Paths under _main in BANK3
   233 ;;
   234 ;;   None.
   235 ;;
   236 ;; Critical Paths under _main in BANK2
   237 ;;
   238 ;;   None.
   239                           
   240 ;;
   241 ;;Main: autosize = 0, tempsize = 4, incstack = 0, save=0
   242 ;;
   243                           
   244 ;;
   245 ;;Call Graph Tables:
   246 ;;
   247 ;; ---------------------------------------------------------------------------------
   248 ;; (Depth) Function   	        Calls       Base Space   Used Autos Params    Refs
   249 ;; ---------------------------------------------------------------------------------
   250 ;; (0) _main                                                22    22      0     483
   251 ;;                                              7 COMMON     4     4      0
   252 ;;                                              0 BANK0     18    18      0
   253 ;;                        _send_packet
   254 ;; ---------------------------------------------------------------------------------
   255 ;; (1) _send_packet                                          6     6      0     252
   256 ;;                                              1 COMMON     6     6      0
   257 ;;                          _uart_send
   258 ;; ---------------------------------------------------------------------------------
   259 ;; (2) _uart_send                                            1     1      0      22
   260 ;;                                              0 COMMON     1     1      0
   261 ;; ---------------------------------------------------------------------------------
   262 ;; Estimated maximum stack depth 2
   263 ;; ---------------------------------------------------------------------------------
   264                           
   265 ;; Call Graph Graphs:
   266                           
   267 ;; _main (ROOT)
   268 ;;   _send_packet
   269 ;;     _uart_send
   270 ;;
   271                           
   272 ;; Address spaces:
   273                           
   274 ;;Name               Size   Autos  Total    Cost      Usage
   275 ;;BANK3               60      0       0       9        0.0%
   276 ;;BITBANK3            60      0       0       8        0.0%
   277 ;;SFR3                 0      0       0       4        0.0%
   278 ;;BITSFR3              0      0       0       4        0.0%
   279 ;;BANK2               60      0       0      11        0.0%
   280 ;;BITBANK2            60      0       0      10        0.0%
   281 ;;SFR2                 0      0       0       5        0.0%
   282 ;;BITSFR2              0      0       0       5        0.0%
   283 ;;SFR1                 0      0       0       2        0.0%
   284 ;;BITSFR1              0      0       0       2        0.0%
   285 ;;BANK1               50      0       0       7        0.0%
   286 ;;BITBANK1            50      0       0       6        0.0%
   287 ;;CODE                 0      0       0       0        0.0%
   288 ;;DATA                 0      0      2F      12        0.0%
   289 ;;ABS                  0      0      2D       3        0.0%
   290 ;;NULL                 0      0       0       0        0.0%
   291 ;;STACK                0      0       2       2        0.0%
   292 ;;BANK0               50     12      22       5       42.5%
   293 ;;BITBANK0            50      0       0       4        0.0%
   294 ;;SFR0                 0      0       0       1        0.0%
   295 ;;BITSFR0              0      0       0       1        0.0%
   296 ;;COMMON               E      B       B       1       78.6%
   297 ;;BITCOMMON            E      0       0       0        0.0%
   298 ;;EEDATA             100      0       0       0        0.0%
   299                           
   300                           	global	_main
   301                           psect	maintext,global,class=CODE,delta=2
   302                           global __pmaintext
   303  076D                     __pmaintext:
   304                           
   305 ;; *************** function _main *****************
   306 ;; Defined at:
   307 ;;		line 37 in file "C:\Users\Phang\Desktop\9.80\PR 16_TX\PR16TX.c"
   308 ;; Parameters:    Size  Location     Type
   309 ;;		None
   310 ;; Auto vars:     Size  Location     Type
   311 ;;  _7seg          16    0[BANK0 ] unsigned char [16]
   312 ;;  num             1   17[BANK0 ] unsigned char 
   313 ;;  no              1   16[BANK0 ] unsigned char 
   314 ;; Return value:  Size  Location     Type
   315 ;;		None               void
   316 ;; Registers used:
   317 ;;		wreg, fsr0l, fsr0h, status,2, status,0, pclath, cstack
   318 ;; Tracked objects:
   319 ;;		On entry : 17F/0
   320 ;;		On exit  : 0/0
   321 ;;		Unchanged: 0/0
   322 ;; Data sizes:     COMMON   BANK0   BANK1   BANK3   BANK2
   323 ;;      Params:         0       0       0       0       0
   324 ;;      Locals:         0      18       0       0       0
   325 ;;      Temps:          4       0       0       0       0
   326 ;;      Totals:         4      18       0       0       0
   327 ;;Total ram usage:       22 bytes
   328 ;; Hardware stack levels required when called:    2
   329 ;; This function calls:
   330 ;;		_send_packet
   331 ;; This function is called by:
   332 ;;		Startup code after reset
   333 ;; This function uses a non-reentrant model
   334 ;;
   335                           psect	maintext
   336                           	file	"C:\Users\Phang\Desktop\9.80\PR 16_TX\PR16TX.c"
   337                           	line	37
   338                           	global	__size_of_main
   339  0093                     	__size_of_main	equ	__end_of_main-_main
   340                           	
   341  076D                     _main:	
   342                           	opt	stack 6
   343                           ; Regs used in _main: [wreg-fsr0h+status,2+status,0+pclath+cstack]
   344                           	line	44
   345                           	
   346  076D                     l1796:	
   347                           ;PR16TX.c: 39: unsigned char num,no;
   348                           ;PR16TX.c: 41: unsigned char _7seg[16]={0b01111111,0b00001101,0b10110111,0b10011111,
   349                           ;PR16TX.c: 42: 0b11001101,0b11011011,0b11111011,0b00001111,
   350                           ;PR16TX.c: 43: 0b11111111,0b11011111,0b11101111,0b11111001,
   351                           ;PR16TX.c: 44: 0b01110011,0b10111101,0b11110011,0b11100011};
   352  076D  3020               	movlw	(main@_7seg)&0ffh
   353  076E  0084               	movwf	fsr0
   354  076F  3032               	movlw	low(main@F459)
   355  0770  00F7               	movwf	(??_main+0)+0
   356  0771  0804               	movf	fsr0,w
   357  0772  00F8               	movwf	((??_main+0)+0+1)
   358  0773  3010               	movlw	16
   359  0774  00F9               	movwf	((??_main+0)+0+2)
   360  0775                     u2330:
   361  0775  0877               	movf	(??_main+0)+0,w
   362  0776  0084               	movwf	fsr0
   363  0777  1383               	bcf	status, 7	;select IRP bank0
   364                           	
   365  0778  0800               	movf	indf,w
   366  0779  00FA               	movwf	((??_main+0)+0+3)
   367  077A  0AF7               	incf	(??_main+0)+0,f
   368  077B  0878               	movf	((??_main+0)+0+1),w
   369  077C  0084               	movwf	fsr0
   370                           	
   371  077D  087A               	movf	((??_main+0)+0+3),w
   372  077E  0080               	movwf	indf
   373  077F  0AF8               	incf	((??_main+0)+0+1),f
   374  0780  0BF9               	decfsz	((??_main+0)+0+2),f
   375  0781  2F75               	goto	u2330
   376                           	line	46
   377                           	
   378  0782                     l1798:	
   379                           ;PR16TX.c: 46: ADCON1= 0x06;
   380  0782  3006               	movlw	(06h)
   381  0783  1683               	bsf	status, 5	;RP0=1, select bank1
   382  0784  1303               	bcf	status, 6	;RP1=0, select bank1
   383  0785  009F               	movwf	(159)^080h	;volatile
   384                           	line	48
   385                           	
   386  0786                     l1800:	
   387                           ;PR16TX.c: 48: TRISA = 0b111111;
   388  0786  303F               	movlw	(03Fh)
   389  0787  0085               	movwf	(133)^080h	;volatile
   390                           	line	49
   391                           	
   392  0788                     l1802:	
   393                           ;PR16TX.c: 49: TRISB = 0b00000000;
   394  0788  0186               	clrf	(134)^080h	;volatile
   395                           	line	52
   396                           	
   397  0789                     l1804:	
   398                           ;PR16TX.c: 52: BRGH = 0;
   399  0789  1118               	bcf	(1218/8)^080h,(1218)&7
   400                           	line	53
   401                           	
   402  078A                     l1806:	
   403                           ;PR16TX.c: 53: SPBRG = 255;
   404  078A  30FF               	movlw	(0FFh)
   405  078B  0099               	movwf	(153)^080h	;volatile
   406                           	line	54
   407                           	
   408  078C                     l1808:	
   409                           ;PR16TX.c: 54: TX9 = 0;
   410  078C  1318               	bcf	(1222/8)^080h,(1222)&7
   411                           	line	55
   412                           	
   413  078D                     l1810:	
   414                           ;PR16TX.c: 55: TXEN = 1;
   415  078D  1698               	bsf	(1221/8)^080h,(1221)&7
   416                           	line	56
   417                           	
   418  078E                     l1812:	
   419                           ;PR16TX.c: 56: SYNC = 0;
   420  078E  1218               	bcf	(1220/8)^080h,(1220)&7
   421                           	line	58
   422                           	
   423  078F                     l1814:	
   424                           ;PR16TX.c: 58: SPEN = 1;
   425  078F  1283               	bcf	status, 5	;RP0=0, select bank0
   426  0790  1303               	bcf	status, 6	;RP1=0, select bank0
   427  0791  1798               	bsf	(199/8),(199)&7
   428                           	line	60
   429                           	
   430  0792                     l1816:	
   431                           ;PR16TX.c: 60: num=0;
   432  0792  1003               	clrc
   433  0793  3000               	movlw	0
   434  0794  1803               	btfsc	status,0
   435  0795  3001               	movlw	1
   436  0796  00B1               	movwf	(main@num)
   437                           	line	61
   438                           	
   439  0797                     l1818:	
   440                           ;PR16TX.c: 61: no=0;
   441  0797  1003               	clrc
   442  0798  3000               	movlw	0
   443  0799  1803               	btfsc	status,0
   444  079A  3001               	movlw	1
   445  079B  00B0               	movwf	(main@no)
   446                           	line	62
   447                           	
   448  079C                     l1820:	
   449                           ;PR16TX.c: 62: PORTB=_7seg[num];
   450  079C  0831               	movf	(main@num),w
   451  079D  3E20               	addlw	main@_7seg&0ffh
   452  079E  0084               	movwf	fsr0
   453  079F  0800               	movf	indf,w
   454  07A0  0086               	movwf	(6)	;volatile
   455  07A1  2FA2               	goto	l1822
   456                           	line	64
   457                           ;PR16TX.c: 64: while(1)
   458                           	
   459  07A2                     l499:	
   460                           	line	66
   461                           	
   462  07A2                     l1822:	
   463                           ;PR16TX.c: 65: {
   464                           ;PR16TX.c: 66: if(RA1==0)
   465  07A2  1283               	bcf	status, 5	;RP0=0, select bank0
   466  07A3  1303               	bcf	status, 6	;RP1=0, select bank0
   467  07A4  1885               	btfsc	(41/8),(41)&7
   468  07A5  2FA7               	goto	u2341
   469  07A6  2FA8               	goto	u2340
   470  07A7                     u2341:
   471  07A7  2FC6               	goto	l500
   472  07A8                     u2340:
   473                           	line	68
   474                           	
   475  07A8                     l1824:	
   476                           ;PR16TX.c: 67: {
   477                           ;PR16TX.c: 68: if(num==15) num=0;
   478  07A8  0831               	movf	(main@num),w
   479  07A9  3A0F               	xorlw	0Fh
   480  07AA  1D03               	skipz
   481  07AB  2FAD               	goto	u2351
   482  07AC  2FAE               	goto	u2350
   483  07AD                     u2351:
   484  07AD  2FB4               	goto	l1828
   485  07AE                     u2350:
   486                           	
   487  07AE                     l1826:	
   488  07AE  1003               	clrc
   489  07AF  3000               	movlw	0
   490  07B0  1803               	btfsc	status,0
   491  07B1  3001               	movlw	1
   492  07B2  00B1               	movwf	(main@num)
   493  07B3  2FB9               	goto	l1830
   494                           	line	69
   495                           	
   496  07B4                     l501:	
   497                           	
   498  07B4                     l1828:	
   499                           ;PR16TX.c: 69: else num+=1;
   500  07B4  3001               	movlw	(01h)
   501  07B5  00F7               	movwf	(??_main+0)+0
   502  07B6  0877               	movf	(??_main+0)+0,w
   503  07B7  07B1               	addwf	(main@num),f
   504  07B8  2FB9               	goto	l1830
   505                           	
   506  07B9                     l502:	
   507                           	line	71
   508                           	
   509  07B9                     l1830:	
   510                           ;PR16TX.c: 71: PORTB=_7seg[num];
   511  07B9  0831               	movf	(main@num),w
   512  07BA  3E20               	addlw	main@_7seg&0ffh
   513  07BB  0084               	movwf	fsr0
   514  07BC  1383               	bcf	status, 7	;select IRP bank0
   515  07BD  0800               	movf	indf,w
   516  07BE  0086               	movwf	(6)	;volatile
   517                           	line	73
   518                           ;PR16TX.c: 73: while(RA1==0);
   519  07BF  2FC0               	goto	l503
   520                           	
   521  07C0                     l504:	
   522                           	
   523  07C0                     l503:	
   524  07C0  1C85               	btfss	(41/8),(41)&7
   525  07C1  2FC3               	goto	u2361
   526  07C2  2FC4               	goto	u2360
   527  07C3                     u2361:
   528  07C3  2FC0               	goto	l503
   529  07C4                     u2360:
   530  07C4  2FF5               	goto	l1842
   531                           	
   532  07C5                     l505:	
   533                           	line	74
   534                           ;PR16TX.c: 74: }
   535  07C5  2FF5               	goto	l1842
   536                           	line	76
   537                           	
   538  07C6                     l500:	
   539                           ;PR16TX.c: 76: else if(RA2==0)
   540  07C6  1905               	btfsc	(42/8),(42)&7
   541  07C7  2FC9               	goto	u2371
   542  07C8  2FCA               	goto	u2370
   543  07C9                     u2371:
   544  07C9  2FE4               	goto	l507
   545  07CA                     u2370:
   546                           	line	78
   547                           	
   548  07CA                     l1832:	
   549                           ;PR16TX.c: 77: {
   550                           ;PR16TX.c: 78: if(num==0) num=15;
   551  07CA  08B1               	movf	(main@num),f
   552  07CB  1D03               	skipz
   553  07CC  2FCE               	goto	u2381
   554  07CD  2FCF               	goto	u2380
   555  07CE                     u2381:
   556  07CE  2FD4               	goto	l1836
   557  07CF                     u2380:
   558                           	
   559  07CF                     l1834:	
   560  07CF  300F               	movlw	(0Fh)
   561  07D0  00F7               	movwf	(??_main+0)+0
   562  07D1  0877               	movf	(??_main+0)+0,w
   563  07D2  00B1               	movwf	(main@num)
   564  07D3  2FD7               	goto	l1838
   565                           	line	79
   566                           	
   567  07D4                     l508:	
   568                           	
   569  07D4                     l1836:	
   570                           ;PR16TX.c: 79: else num-=1;
   571  07D4  3001               	movlw	low(01h)
   572  07D5  02B1               	subwf	(main@num),f
   573  07D6  2FD7               	goto	l1838
   574                           	
   575  07D7                     l509:	
   576                           	line	81
   577                           	
   578  07D7                     l1838:	
   579                           ;PR16TX.c: 81: PORTB=_7seg[num];
   580  07D7  0831               	movf	(main@num),w
   581  07D8  3E20               	addlw	main@_7seg&0ffh
   582  07D9  0084               	movwf	fsr0
   583  07DA  1383               	bcf	status, 7	;select IRP bank0
   584  07DB  0800               	movf	indf,w
   585  07DC  0086               	movwf	(6)	;volatile
   586                           	line	83
   587                           ;PR16TX.c: 83: while(RA2==0);
   588  07DD  2FDE               	goto	l510
   589                           	
   590  07DE                     l511:	
   591                           	
   592  07DE                     l510:	
   593  07DE  1D05               	btfss	(42/8),(42)&7
   594  07DF  2FE1               	goto	u2391
   595  07E0  2FE2               	goto	u2390
   596  07E1                     u2391:
   597  07E1  2FDE               	goto	l510
   598  07E2                     u2390:
   599  07E2  2FF5               	goto	l1842
   600                           	
   601  07E3                     l512:	
   602                           	line	84
   603                           ;PR16TX.c: 84: }
   604  07E3  2FF5               	goto	l1842
   605                           	line	86
   606                           	
   607  07E4                     l507:	
   608                           ;PR16TX.c: 86: else if(RA3==0)
   609  07E4  1985               	btfsc	(43/8),(43)&7
   610  07E5  2FE7               	goto	u2401
   611  07E6  2FE8               	goto	u2400
   612  07E7                     u2401:
   613  07E7  2FF5               	goto	l1842
   614  07E8                     u2400:
   615                           	line	88
   616                           	
   617  07E8                     l1840:	
   618                           ;PR16TX.c: 87: {
   619                           ;PR16TX.c: 88: no=num;
   620  07E8  0831               	movf	(main@num),w
   621  07E9  00F7               	movwf	(??_main+0)+0
   622  07EA  0877               	movf	(??_main+0)+0,w
   623  07EB  00B0               	movwf	(main@no)
   624                           	line	89
   625                           ;PR16TX.c: 89: while(RA3==0);
   626  07EC  2FED               	goto	l515
   627                           	
   628  07ED                     l516:	
   629                           	
   630  07ED                     l515:	
   631  07ED  1D85               	btfss	(43/8),(43)&7
   632  07EE  2FF0               	goto	u2411
   633  07EF  2FF1               	goto	u2410
   634  07F0                     u2411:
   635  07F0  2FED               	goto	l515
   636  07F1                     u2410:
   637  07F1  2FF5               	goto	l1842
   638                           	
   639  07F2                     l517:	
   640  07F2  2FF5               	goto	l1842
   641                           	line	90
   642                           	
   643  07F3                     l514:	
   644  07F3  2FF5               	goto	l1842
   645                           	line	93
   646                           	
   647  07F4                     l513:	
   648  07F4  2FF5               	goto	l1842
   649                           	
   650  07F5                     l506:	
   651                           	
   652  07F5                     l1842:	
   653                           ;PR16TX.c: 90: }
   654                           ;PR16TX.c: 93: send_packet(no);
   655  07F5  0830               	movf	(main@no),w
   656  07F6  120A  118A  271F   	fcall	_send_packet
              120A  118A         
   657  07FB  2FA2               	goto	l1822
   658                           	line	94
   659                           	
   660  07FC                     l518:	
   661                           	line	64
   662  07FC  2FA2               	goto	l1822
   663                           	
   664  07FD                     l519:	
   665                           	line	95
   666                           	
   667  07FD                     l520:	
   668                           	global	start
   669  07FD  120A  118A  2800   	ljmp	start
   670                           	opt stack 0
   671                           GLOBAL	__end_of_main
   672  0800                     	__end_of_main:
   673 ;; =============== function _main ends ============
   674                           
   675                           	signat	_main,88
   676                           	global	_send_packet
   677                           psect	text97,local,class=CODE,delta=2
   678                           global __ptext97
   679  071F                     __ptext97:
   680                           
   681 ;; *************** function _send_packet *****************
   682 ;; Defined at:
   683 ;;		line 108 in file "C:\Users\Phang\Desktop\9.80\PR 16_TX\PR16TX.c"
   684 ;; Parameters:    Size  Location     Type
   685 ;;  data            1    wreg     unsigned char 
   686 ;; Auto vars:     Size  Location     Type
   687 ;;  data            1    5[COMMON] unsigned char 
   688 ;;  buffer          3    2[COMMON] unsigned char [3]
   689 ;;  i               1    6[COMMON] unsigned char 
   690 ;; Return value:  Size  Location     Type
   691 ;;		None               void
   692 ;; Registers used:
   693 ;;		wreg, fsr0l, fsr0h, status,2, status,0, pclath, cstack
   694 ;; Tracked objects:
   695 ;;		On entry : 0/0
   696 ;;		On exit  : 0/0
   697 ;;		Unchanged: 0/0
   698 ;; Data sizes:     COMMON   BANK0   BANK1   BANK3   BANK2
   699 ;;      Params:         0       0       0       0       0
   700 ;;      Locals:         5       0       0       0       0
   701 ;;      Temps:          1       0       0       0       0
   702 ;;      Totals:         6       0       0       0       0
   703 ;;Total ram usage:        6 bytes
   704 ;; Hardware stack levels used:    1
   705 ;; Hardware stack levels required when called:    1
   706 ;; This function calls:
   707 ;;		_uart_send
   708 ;; This function is called by:
   709 ;;		_main
   710 ;; This function uses a non-reentrant model
   711 ;;
   712                           psect	text97
   713                           	file	"C:\Users\Phang\Desktop\9.80\PR 16_TX\PR16TX.c"
   714                           	line	108
   715                           	global	__size_of_send_packet
   716  004E                     	__size_of_send_packet	equ	__end_of_send_packet-_send_packet
   717                           	
   718  071F                     _send_packet:	
   719                           	opt	stack 6
   720                           ; Regs used in _send_packet: [wreg-fsr0h+status,2+status,0+pclath+cstack]
   721                           ;send_packet@data stored from wreg
   722                           	line	115
   723  071F  00F5               	movwf	(send_packet@data)
   724                           	
   725  0720                     l1770:	
   726                           ;PR16TX.c: 109: unsigned char i;
   727                           ;PR16TX.c: 112: unsigned char buffer[3];
   728                           ;PR16TX.c: 115: buffer[0] = 0xaa;
   729  0720  30AA               	movlw	(0AAh)
   730  0721  00F1               	movwf	(??_send_packet+0)+0
   731  0722  0871               	movf	(??_send_packet+0)+0,w
   732  0723  00F2               	movwf	(send_packet@buffer)
   733                           	line	118
   734                           ;PR16TX.c: 118: buffer[1] = data;
   735  0724  0875               	movf	(send_packet@data),w
   736  0725  00F1               	movwf	(??_send_packet+0)+0
   737  0726  0871               	movf	(??_send_packet+0)+0,w
   738  0727  00F3               	movwf	0+(send_packet@buffer)+01h
   739                           	line	121
   740                           	
   741  0728                     l1772:	
   742                           ;PR16TX.c: 121: buffer[2] = (unsigned char)(0xaa + data);
   743  0728  0875               	movf	(send_packet@data),w
   744  0729  3EAA               	addlw	0AAh
   745  072A  00F1               	movwf	(??_send_packet+0)+0
   746  072B  0871               	movf	(??_send_packet+0)+0,w
   747  072C  00F4               	movwf	0+(send_packet@buffer)+02h
   748                           	line	124
   749                           	
   750  072D                     l1774:	
   751                           ;PR16TX.c: 124: for (i = 0; i < 7; i++) uart_send(0x00);
   752  072D  1003               	clrc
   753  072E  3000               	movlw	0
   754  072F  1803               	btfsc	status,0
   755  0730  3001               	movlw	1
   756  0731  00F6               	movwf	(send_packet@i)
   757  0732  3007               	movlw	(07h)
   758  0733  0276               	subwf	(send_packet@i),w
   759  0734  1C03               	skipc
   760  0735  2F37               	goto	u2291
   761  0736  2F38               	goto	u2290
   762  0737                     u2291:
   763  0737  2F3A               	goto	l1778
   764  0738                     u2290:
   765  0738  2F4B               	goto	l1784
   766                           	
   767  0739                     l1776:	
   768  0739  2F4B               	goto	l1784
   769                           	
   770  073A                     l529:	
   771                           	
   772  073A                     l1778:	
   773  073A  3000               	movlw	(0)
   774  073B  120A  118A  26E0   	fcall	_uart_send
              120A  118A         
   775                           	
   776  0740                     l1780:	
   777  0740  3001               	movlw	(01h)
   778  0741  00F1               	movwf	(??_send_packet+0)+0
   779  0742  0871               	movf	(??_send_packet+0)+0,w
   780  0743  07F6               	addwf	(send_packet@i),f
   781                           	
   782  0744                     l1782:	
   783  0744  3007               	movlw	(07h)
   784  0745  0276               	subwf	(send_packet@i),w
   785  0746  1C03               	skipc
   786  0747  2F49               	goto	u2301
   787  0748  2F4A               	goto	u2300
   788  0749                     u2301:
   789  0749  2F3A               	goto	l1778
   790  074A                     u2300:
   791  074A  2F4B               	goto	l1784
   792                           	
   793  074B                     l530:	
   794                           	line	127
   795                           	
   796  074B                     l1784:	
   797                           ;PR16TX.c: 127: for (i = 0; i < 3; i++) uart_send(buffer[i]);
   798  074B  1003               	clrc
   799  074C  3000               	movlw	0
   800  074D  1803               	btfsc	status,0
   801  074E  3001               	movlw	1
   802  074F  00F6               	movwf	(send_packet@i)
   803                           	
   804  0750                     l1786:	
   805  0750  3003               	movlw	(03h)
   806  0751  0276               	subwf	(send_packet@i),w
   807  0752  1C03               	skipc
   808  0753  2F55               	goto	u2311
   809  0754  2F56               	goto	u2310
   810  0755                     u2311:
   811  0755  2F58               	goto	l1790
   812  0756                     u2310:
   813  0756  2F6C               	goto	l533
   814                           	
   815  0757                     l1788:	
   816  0757  2F6C               	goto	l533
   817                           	
   818  0758                     l531:	
   819                           	
   820  0758                     l1790:	
   821  0758  0876               	movf	(send_packet@i),w
   822  0759  3E72               	addlw	send_packet@buffer&0ffh
   823  075A  0084               	movwf	fsr0
   824  075B  0800               	movf	indf,w
   825  075C  120A  118A  26E0   	fcall	_uart_send
              120A  118A         
   826                           	
   827  0761                     l1792:	
   828  0761  3001               	movlw	(01h)
   829  0762  00F1               	movwf	(??_send_packet+0)+0
   830  0763  0871               	movf	(??_send_packet+0)+0,w
   831  0764  07F6               	addwf	(send_packet@i),f
   832                           	
   833  0765                     l1794:	
   834  0765  3003               	movlw	(03h)
   835  0766  0276               	subwf	(send_packet@i),w
   836  0767  1C03               	skipc
   837  0768  2F6A               	goto	u2321
   838  0769  2F6B               	goto	u2320
   839  076A                     u2321:
   840  076A  2F58               	goto	l1790
   841  076B                     u2320:
   842  076B  2F6C               	goto	l533
   843                           	
   844  076C                     l532:	
   845                           	line	128
   846                           	
   847  076C                     l533:	
   848  076C  0008               	return
   849                           	opt stack 0
   850                           GLOBAL	__end_of_send_packet
   851  076D                     	__end_of_send_packet:
   852 ;; =============== function _send_packet ends ============
   853                           
   854                           	signat	_send_packet,4216
   855                           	global	_uart_send
   856                           psect	text98,local,class=CODE,delta=2
   857                           global __ptext98
   858  06E0                     __ptext98:
   859                           
   860 ;; *************** function _uart_send *****************
   861 ;; Defined at:
   862 ;;		line 101 in file "C:\Users\Phang\Desktop\9.80\PR 16_TX\PR16TX.c"
   863 ;; Parameters:    Size  Location     Type
   864 ;;  data            1    wreg     unsigned char 
   865 ;; Auto vars:     Size  Location     Type
   866 ;;  data            1    0[COMMON] unsigned char 
   867 ;; Return value:  Size  Location     Type
   868 ;;		None               void
   869 ;; Registers used:
   870 ;;		wreg
   871 ;; Tracked objects:
   872 ;;		On entry : 0/0
   873 ;;		On exit  : 0/0
   874 ;;		Unchanged: 0/0
   875 ;; Data sizes:     COMMON   BANK0   BANK1   BANK3   BANK2
   876 ;;      Params:         0       0       0       0       0
   877 ;;      Locals:         1       0       0       0       0
   878 ;;      Temps:          0       0       0       0       0
   879 ;;      Totals:         1       0       0       0       0
   880 ;;Total ram usage:        1 bytes
   881 ;; Hardware stack levels used:    1
   882 ;; This function calls:
   883 ;;		Nothing
   884 ;; This function is called by:
   885 ;;		_send_packet
   886 ;; This function uses a non-reentrant model
   887 ;;
   888                           psect	text98
   889                           	file	"C:\Users\Phang\Desktop\9.80\PR 16_TX\PR16TX.c"
   890                           	line	101
   891                           	global	__size_of_uart_send
   892  000C                     	__size_of_uart_send	equ	__end_of_uart_send-_uart_send
   893                           	
   894  06E0                     _uart_send:	
   895                           	opt	stack 6
   896                           ; Regs used in _uart_send: [wreg]
   897                           ;uart_send@data stored from wreg
   898  06E0  00F0               	movwf	(uart_send@data)
   899                           	line	102
   900                           	
   901  06E1                     l1766:	
   902                           ;PR16TX.c: 102: while(TXIF==0);
   903  06E1  2EE2               	goto	l523
   904                           	
   905  06E2                     l524:	
   906                           	
   907  06E2                     l523:	
   908  06E2  1283               	bcf	status, 5	;RP0=0, select bank0
   909  06E3  1303               	bcf	status, 6	;RP1=0, select bank0
   910  06E4  1E0C               	btfss	(100/8),(100)&7
   911  06E5  2EE7               	goto	u2281
   912  06E6  2EE8               	goto	u2280
   913  06E7                     u2281:
   914  06E7  2EE2               	goto	l523
   915  06E8                     u2280:
   916  06E8  2EE9               	goto	l1768
   917                           	
   918  06E9                     l525:	
   919                           	line	103
   920                           	
   921  06E9                     l1768:	
   922                           ;PR16TX.c: 103: TXREG=data;
   923  06E9  0870               	movf	(uart_send@data),w
   924  06EA  0099               	movwf	(25)	;volatile
   925                           	line	104
   926                           	
   927  06EB                     l526:	
   928  06EB  0008               	return
   929                           	opt stack 0
   930                           GLOBAL	__end_of_uart_send
   931  06EC                     	__end_of_uart_send:
   932 ;; =============== function _uart_send ends ============
   933                           
   934                           	signat	_uart_send,4216
   935                           psect	text99,local,class=CODE,delta=2
   936                           global __ptext99
   937  0000                     __ptext99:
   938                           	global	btemp
   939  007E                     	btemp set 07Eh
   940                           
   941                           	DABS	1,126,2	;btemp
   942                           	global	wtemp0
   943  007E                     	wtemp0 set btemp


HI-TECH Software PICC Macro Assembler V9.80 build 6738 
Symbol Table                                                                                   Wed Jun 20 23:01:30 2012

                   pc 0002                    fsr 0004                   l500 07C6                   l501 07B4  
                 l510 07DE                   l502 07B9                   l511 07DE                   l503 07C0  
                 l520 07FD                   l512 07E3                   l504 07C0                   l513 07F4  
                 l505 07C5                   l530 074B                   l506 07F5                   l514 07F3  
                 l523 06E2                   l531 0758                   l515 07ED                   l507 07E4  
                 l524 06E2                   l532 076C                   l516 07ED                   l508 07D4  
                 l525 06E9                   l533 076C                   l517 07F2                   l509 07D7  
                 l526 06EB                   l518 07FC                   l519 07FD                   l529 073A  
                 l499 07A2                   _RA1 0029                   _RA2 002A                   _RA3 002B  
                 _TX9 04C6                   fsr0 0004                   indf 0000                  l1800 0786  
                l1810 078D                  l1802 0788                  l1820 079C                  l1812 078E  
                l1804 0789                  l1830 07B9                  l1822 07A2                  l1814 078F  
                l1806 078A                  l1840 07E8                  l1832 07CA                  l1824 07A8  
                l1816 0792                  l1808 078C                  l1770 0720                  l1834 07CF  
                l1842 07F5                  l1826 07AE                  l1818 0797                  l1780 0740  
                l1772 0728                  l1836 07D4                  l1828 07B4                  l1766 06E1  
                l1790 0758                  l1782 0744                  l1774 072D                  l1838 07D7  
                l1768 06E9                  l1792 0761                  l1776 0739                  l1784 074B  
                l1794 0765                  l1786 0750                  l1778 073A                  l1788 0757  
                l1796 076D                  l1798 0782                  _BRGH 04C2                  u2300 074A  
                u2301 0749                  u2310 0756                  u2311 0755                  u2320 076B  
                u2400 07E8                  u2321 076A                  u2401 07E7                  u2410 07F1  
                u2330 0775                  u2411 07F0                  u2340 07A8                  u2341 07A7  
                u2350 07AE                  u2351 07AD                  u2280 06E8                  u2360 07C4  
                u2281 06E7                  u2361 07C3                  u2290 0738                  u2370 07CA  
                u2291 0737                  u2371 07C9                  u2380 07CF                  u2381 07CE  
                u2390 07E2                  u2391 07E1                  _SPEN 00C7                  _TXEN 04C5  
                _TXIF 0064                  _SYNC 04C4                  _main 076D                  btemp 007E  
                start 0000                 ?_main 0070                 _SPBRG 0099                 _PORTB 0006  
               _TRISA 0085                 _TRISB 0086                 _TXREG 0019       send_packet@data 0075  
               pclath 000A                 status 0003                 wtemp0 007E          __end_of_main 0800  
              ??_main 0077                _ADCON1 009F          ?_send_packet 0070                main@no 0030  
      __pcstackCOMMON 0070          __pidataBANK0 06EC            __pmaintext 076D    __size_of_uart_send 000C  
__size_of_send_packet 004E     send_packet@buffer 0072               main@num 0031  end_of_initialization 071B  
             init_ram 0700     __end_of_uart_send 06EC   start_initialization 070D           __pdataBANK0 0032  
       __pcstackBANK0 0020         ??_send_packet 0071             _uart_send 06E0             main@_7seg 0020  
        send_packet@i 0076   __end_of_send_packet 076D             init_fetch 06FC            ?_uart_send 0070  
            __ptext97 071F              __ptext98 06E0              __ptext99 0000         __size_of_main 0093  
            main@F459 0032           _send_packet 071F           ??_uart_send 0070         uart_send@data 0070  
