HI-TECH Software C Compiler 

Linker command line:

--edf=C:\Program Files (x86)\HI-TECH Software\PICC\9.80\dat\en_msgs.txt -cs \
  -h+dist/default/production\PR_16__Send_Data__RF_TX_.X.production.sym -z \
  -Q16F876A -ol.obj \
  -Mdist/default/production/PR_16__Send_Data__RF_TX_.X.production.map -E1 \
  -ACONST=00h-0FFhx32 -ACODE=00h-07FFhx4 -ASTRCODE=00h-01FFFh \
  -AENTRY=00h-0FFhx32 -ASTRING=00h-0FFhx32 -ABANK0=020h-06Fh \
  -ABANK1=0A0h-0EFh -ABANK2=0110h-016Fh -ABANK3=0190h-01EFh \
  -ARAM=020h-06Fh,0A0h-0EFh,0110h-016Fh,0190h-01EFh \
  -AABS1=020h-07Fh,0A0h-0EFh,0110h-016Fh,0190h-01EFh -ACOMMON=070h-07Fh \
  -ASFR0=00h-01Fh -ASFR1=080h-09Fh -ASFR2=0100h-010Fh -ASFR3=0180h-018Fh \
  -preset_vec=00h,intentry,init,end_init -ppowerup=CODE -pfunctab=CODE \
  -ACONFIG=02007h-02007h -pconfig=CONFIG -DCONFIG=2 -AIDLOC=02000h-02003h \
  -pidloc=IDLOC -DIDLOC=2 -AEEDATA=00h-0FFh/02100h -peeprom_data=EEDATA \
  -DEEDATA=2 -DCODE=2 -DSTRCODE=2 -DSTRING=2 -DCONST=2 -DENTRY=2 -k \
  C:\Users\HATAKE~1\AppData\Local\Temp\s144s.obj \
  dist/default/production\PR_16__Send_Data__RF_TX_.X.production.obj 

Object code version is 3.10

Machine type is 16F876A



                Name                               Link     Load   Length Selector   Space Scale
C:\Users\HATAKE~1\AppData\Local\Temp\s144s.obj
                end_init                              0        0        3        0       0
dist/default/production\PR_16__Send_Data__RF_TX_.X.production.obj
                config                             2007     2007        1     400E       0
                text98                              6E0      6E0        C      DC0       0
                text97                              71F      71F       4E      E3E       0
                maintext                            76D      76D       93      EDA       0
                cstackBANK0                          20       20       12       20       1
                cstackCOMMON                         70       70        B       70       1
                inittext                            6FC      6FC       11      DF8       0
                dataBANK0                            32       32       10       20       1
                cinit                               70D      70D       12      E1A       0
                idataBANK0                          6EC      6EC       10      DD8       0

TOTAL           Name                               Link     Load   Length     Space
        CLASS   CONST          

        CLASS   CODE           
                end_init                              0        0        3         0
                text98                              6E0      6E0        C         0
                text97                              71F      71F       4E         0
                maintext                            76D      76D       93         0
                inittext                            6FC      6FC       11         0
                cinit                               70D      70D       12         0
                idataBANK0                          6EC      6EC       10         0

        CLASS   STRCODE        

        CLASS   ENTRY          

        CLASS   STRING         

        CLASS   BANK0          
                cstackBANK0                          20       20       12         1
                dataBANK0                            32       32       10         1

        CLASS   BANK1          

        CLASS   BANK2          

        CLASS   BANK3          

        CLASS   RAM            

        CLASS   ABS1           
                abs_s1                               7E       7E        2         1

        CLASS   COMMON         
                cstackCOMMON                         70       70        B         1

        CLASS   SFR0           

        CLASS   SFR1           

        CLASS   SFR2           

        CLASS   SFR3           

        CLASS   CONFIG         
                config                             2007     2007        1         0

        CLASS   IDLOC          

        CLASS   EEDATA         



SEGMENTS        Name                           Load    Length   Top    Selector   Space  Class     Delta

                reset_vec                      000000  000003  000003         0       0  CODE        2
                cstackBANK0                    000020  000022  000042        20       1  BANK0       1
                cstackCOMMON                   000070  00000B  00007B        70       1  COMMON      1
                text98                         0006E0  00000C  0006EC       DC0       0  CODE        2
                idataBANK0                     0006EC  000010  0006FC       DD8       0  CODE        2
                inittext                       0006FC  000011  00070D       DF8       0  CODE        2
                cinit                          00070D  000012  00071F       E1A       0  CODE        2
                text97                         00071F  00004E  00076D       E3E       0  CODE        2
                maintext                       00076D  000093  000800       EDA       0  CODE        2
                config                         002007  000001  002008      400E       0  CONFIG      2


UNUSED ADDRESS RANGES

        Name                Unused          Largest block    Delta
        BANK0            0042-006F             2E           1
        BANK1            00A0-00EF             50           1
        BANK2            0110-016F             60           1
        BANK3            0190-01EF             60           1
        CODE             0003-06DF            6DD           2
                         0800-1FFF            800
        COMMON           007B-007D              3           1
        CONST            0003-06DF            100           2
                         0800-1FFF            100
        EEDATA           2100-21FF            100           2
        ENTRY            0003-06DF            100           2
                         0800-1FFF            100
        IDLOC            2000-2003              4           2
        RAM              0042-006F             2E           1
                         00A0-00EF             50
                         0110-016F             60
                         0190-01EF             60
        SFR0             0000-001F             20           1
        SFR1             0080-009F             20           1
        SFR2             0100-010F             10           1
        SFR3             0180-018F             10           1
        STRCODE          0003-06DF            6DD           2
                         0800-1FFF           1800
        STRING           0003-06DF            100           2
                         0800-1FFF            100

                                  Symbol Table

??_main               cstackCOMMON 0077
??_send_packet        cstackCOMMON 0071
??_uart_send          cstackCOMMON 0070
?_main                cstackCOMMON 0070
?_send_packet         cstackCOMMON 0070
?_uart_send           cstackCOMMON 0070
_ADCON1               (abs)        009F
_BRGH                 (abs)        04C2
_PORTB                (abs)        0006
_RA1                  (abs)        0029
_RA2                  (abs)        002A
_RA3                  (abs)        002B
_SPBRG                (abs)        0099
_SPEN                 (abs)        00C7
_SYNC                 (abs)        04C4
_TRISA                (abs)        0085
_TRISB                (abs)        0086
_TX9                  (abs)        04C6
_TXEN                 (abs)        04C5
_TXIF                 (abs)        0064
_TXREG                (abs)        0019
__Habs1               abs1         0000
__Hbank0              bank0        0000
__Hbank1              bank1        0000
__Hbank2              bank2        0000
__Hbank3              bank3        0000
__Hcinit              cinit        0000
__Hclrtext            clrtext      0000
__Hcode               code         0000
__Hcommon             common       0000
__Hconfig             config       2008
__HcstackBANK0        cstackBANK0  0000
__HcstackCOMMON       cstackCOMMON 0000
__HdataBANK0          dataBANK0    0000
__Heeprom_data        eeprom_data  0000
__Hend_init           end_init     0003
__Hfunctab            functab      0000
__HidataBANK0         idataBANK0   0000
__Hidloc              idloc        0000
__Hinit               init         0000
__Hinittext           inittext     0000
__Hintentry           intentry     0000
__Hmaintext           maintext     0000
__Hpowerup            powerup      0000
__Hram                ram          0000
__Hreset_vec          reset_vec    0000
__Hsfr0               sfr0         0000
__Hsfr1               sfr1         0000
__Hsfr2               sfr2         0000
__Hsfr3               sfr3         0000
__Hstrings            strings      0000
__Htext               text         0000
__Labs1               abs1         0000
__Lbank0              bank0        0000
__Lbank1              bank1        0000
__Lbank2              bank2        0000
__Lbank3              bank3        0000
__Lcinit              cinit        0000
__Lclrtext            clrtext      0000
__Lcode               code         0000
__Lcommon             common       0000
__Lconfig             config       2007
__LcstackBANK0        cstackBANK0  0000
__LcstackCOMMON       cstackCOMMON 0000
__LdataBANK0          dataBANK0    0000
__Leeprom_data        eeprom_data  0000
__Lend_init           end_init     0000
__Lfunctab            functab      0000
__LidataBANK0         idataBANK0   0000
__Lidloc              idloc        0000
__Linit               init         0000
__Linittext           inittext     0000
__Lintentry           intentry     0000
__Lmaintext           maintext     0000
__Lpowerup            powerup      0000
__Lram                ram          0000
__Lreset_vec          reset_vec    0000
__Lsfr0               sfr0         0000
__Lsfr1               sfr1         0000
__Lsfr2               sfr2         0000
__Lsfr3               sfr3         0000
__Lstrings            strings      0000
__Ltext               text         0000
__S0                  (abs)        2008
__S1                  (abs)        007B
__S2                  (abs)        0000
__end_of_main         maintext     0800
__end_of_send_packet  text97       076D
__end_of_uart_send    text98       06EC
__pcstackBANK0        cstackBANK0  0020
__pcstackCOMMON       cstackCOMMON 0070
__pdataBANK0          dataBANK0    0032
__pidataBANK0         idataBANK0   06EC
__pmaintext           maintext     076D
__ptext97             text97       071F
__ptext98             text98       06E0
__ptext99             text99       0000
__size_of_main        (abs)        0000
__size_of_send_packet (abs)        0000
__size_of_uart_send   (abs)        0000
_exit                 init         0000
_main                 maintext     076D
_send_packet          text97       071F
_uart_send            text98       06E0
btemp                 (abs)        007E
end_of_initialization cinit        071B
init_fetch            inittext     06FC
init_ram              inittext     0700
intlevel0             functab      0000
intlevel1             functab      0000
intlevel2             functab      0000
intlevel3             functab      0000
intlevel4             functab      0000
intlevel5             functab      0000
main@F459             dataBANK0    0032
main@_7seg            cstackBANK0  0020
main@no               cstackBANK0  0030
main@num              cstackBANK0  0031
reset_vec             reset_vec    0000
send_packet@buffer    cstackCOMMON 0072
send_packet@data      cstackCOMMON 0075
send_packet@i         cstackCOMMON 0076
start                 init         0000
start_initialization  cinit        070D
uart_send@data        cstackCOMMON 0070
wtemp0                (abs)        007E
