Microchip MPLAB XC8 Compiler V1.21 ()

Linker command line:

--edf=C:\Program Files\Microchip\xc8\v1.21\dat\en_msgs.txt -cs \
  -h+dist/default/production\pr16-tx.X.production.sym \
  --cmf=dist/default/production\pr16-tx.X.production.cmf -z -Q16F876A \
  -oC:\DOCUME~1\Sales\LOCALS~1\Temp\s3no.6 \
  -Mdist/default/production/pr16-tx.X.production.map -E1 -ver=XC8 \
  -ACONST=00h-0FFhx32 -ACODE=00h-07FFhx4 -ASTRCODE=00h-01FFFh \
  -AENTRY=00h-0FFhx32 -ASTRING=00h-0FFhx32 -ACOMMON=070h-07Fh \
  -ABANK0=020h-06Fh -ABANK1=0A0h-0EFh -ABANK2=0110h-016Fh \
  -ABANK3=0190h-01EFh -ARAM=020h-06Fh,0A0h-0EFh,0110h-016Fh,0190h-01EFh \
  -AABS1=020h-07Fh,0A0h-0EFh,0110h-016Fh,0190h-01EFh -ASFR0=00h-01Fh \
  -ASFR1=080h-09Fh -ASFR2=0100h-010Fh -ASFR3=0180h-018Fh \
  -preset_vec=00h,intentry,init,end_init -ppowerup=CODE -pcinit=CODE \
  -pfunctab=CODE -ACONFIG=02007h-02007h -pconfig=CONFIG -DCONFIG=2 \
  -AIDLOC=02000h-02003h -pidloc=IDLOC -DIDLOC=2 -AEEDATA=00h-0FFh/02100h \
  -peeprom_data=EEDATA -DEEDATA=2 -DCODE=2 -DSTRCODE=2 -DSTRING=2 -DCONST=2 \
  -DENTRY=2 -k C:\DOCUME~1\Sales\LOCALS~1\Temp\s3no.obj \
  dist/default/production\pr16-tx.X.production.obj 

Object code version is 3.11

Machine type is 16F876A



                Name                               Link     Load   Length Selector   Space Scale
C:\DOCUME~1\Sales\LOCALS~1\Temp\s3no.obj
                end_init                              0        0        3        0       0
                config                             2007     2007        1     400E       0
dist/default/production\pr16-tx.X.production.obj
                cinit                               7F0      7F0       10      FE0       0
                text2                               72C      72C        8      E58       0
                text1                               755      755       34      EAA       0
                maintext                            789      789       67      F12       0
                cstackBANK0                          20       20       12       20       1
                cstackCOMMON                         70       70        B       70       1
                inittext                            744      744       11      E88       0
                dataBANK0                            32       32       10       20       1
                idataBANK0                          734      734       10      E68       0

TOTAL           Name                               Link     Load   Length     Space
        CLASS   CONST          

        CLASS   CODE           
                end_init                              0        0        3         0
                cinit                               7F0      7F0       10         0
                text2                               72C      72C        8         0
                text1                               755      755       34         0
                maintext                            789      789       67         0
                inittext                            744      744       11         0
                idataBANK0                          734      734       10         0

        CLASS   STRCODE        

        CLASS   ENTRY          

        CLASS   STRING         

        CLASS   COMMON         
                cstackCOMMON                         70       70        B         1

        CLASS   BANK0          
                cstackBANK0                          20       20       12         1
                dataBANK0                            32       32       10         1

        CLASS   BANK1          

        CLASS   BANK2          

        CLASS   BANK3          

        CLASS   RAM            

        CLASS   ABS1           
                abs_s1                               7E       7E        2         1

        CLASS   SFR0           

        CLASS   SFR1           

        CLASS   SFR2           

        CLASS   SFR3           

        CLASS   CONFIG         
                config                             2007     2007        1         0

        CLASS   IDLOC          

        CLASS   EEDATA         



SEGMENTS        Name                           Load    Length   Top    Selector   Space  Class     Delta

                reset_vec                      000000  000003  000003         0       0  CODE        2
                cstackBANK0                    000020  000022  000042        20       1  BANK0       1
                cstackCOMMON                   000070  00000B  00007B        70       1  COMMON      1
                text2                          00072C  000008  000734       E58       0  CODE        2
                idataBANK0                     000734  000010  000744       E68       0  CODE        2
                inittext                       000744  000011  000755       E88       0  CODE        2
                text1                          000755  000034  000789       EAA       0  CODE        2
                maintext                       000789  000067  0007F0       F12       0  CODE        2
                cinit                          0007F0  000010  000800       FE0       0  CODE        2
                config                         002007  000001  002008      400E       0  CONFIG      2


UNUSED ADDRESS RANGES

        Name                Unused          Largest block    Delta
        BANK0            0042-006F             2E           1
        BANK1            00A0-00EF             50           1
        BANK2            0110-016F             60           1
        BANK3            0190-01EF             60           1
        CODE             0003-072B            729           2
                         0800-1FFF            800
        COMMON           007B-007D              3           1
        CONST            0003-072B            100           2
                         0800-1FFF            100
        EEDATA           2100-21FF            100           2
        ENTRY            0003-072B            100           2
                         0800-1FFF            100
        IDLOC            2000-2003              4           2
        RAM              0042-006F             2E           1
                         00A0-00EF             50
                         0110-016F             60
                         0190-01EF             60
        SFR0             0000-001F             20           1
        SFR1             0080-009F             20           1
        SFR2             0100-010F             10           1
        SFR3             0180-018F             10           1
        STRCODE          0003-072B            729           2
                         0800-1FFF           1800
        STRING           0003-072B            100           2
                         0800-1FFF            100

                                  Symbol Table

_ADCON1                  (abs)        009F
_BRGH                    (abs)        04C2
_PORTB                   (abs)        0006
_RA1                     (abs)        0029
_RA2                     (abs)        002A
_RA3                     (abs)        002B
_SPBRG                   (abs)        0099
_SPEN                    (abs)        00C7
_SYNC                    (abs)        04C4
_TRISA                   (abs)        0085
_TRISB                   (abs)        0086
_TX9                     (abs)        04C6
_TXEN                    (abs)        04C5
_TXIF                    (abs)        0064
_TXREG                   (abs)        0019
__CFG_BOREN$OFF          (abs)        0000
__CFG_CP$OFF             (abs)        0000
__CFG_CPD$OFF            (abs)        0000
__CFG_DEBUG$OFF          (abs)        0000
__CFG_FOSC$HS            (abs)        0000
__CFG_LVP$OFF            (abs)        0000
__CFG_PWRTE$ON           (abs)        0000
__CFG_WDTE$OFF           (abs)        0000
__CFG_WRT$OFF            (abs)        0000
__Habs1                  abs1         0000
__Hbank0                 bank0        0000
__Hbank1                 bank1        0000
__Hbank2                 bank2        0000
__Hbank3                 bank3        0000
__Hcinit                 cinit        0800
__Hclrtext               clrtext      0000
__Hcode                  code         0000
__Hcommon                common       0000
__Hconfig                config       2008
__HcstackBANK0           cstackBANK0  0000
__HcstackCOMMON          cstackCOMMON 0000
__HdataBANK0             dataBANK0    0000
__Heeprom_data           eeprom_data  0000
__Hend_init              end_init     0003
__Hfunctab               functab      0000
__HidataBANK0            idataBANK0   0000
__Hidloc                 idloc        0000
__Hinit                  init         0000
__Hinittext              inittext     0000
__Hintentry              intentry     0000
__Hmaintext              maintext     0000
__Hpowerup               powerup      0000
__Hram                   ram          0000
__Hreset_vec             reset_vec    0000
__Hsfr0                  sfr0         0000
__Hsfr1                  sfr1         0000
__Hsfr2                  sfr2         0000
__Hsfr3                  sfr3         0000
__Hstrings               strings      0000
__Htext                  text         0000
__Labs1                  abs1         0000
__Lbank0                 bank0        0000
__Lbank1                 bank1        0000
__Lbank2                 bank2        0000
__Lbank3                 bank3        0000
__Lcinit                 cinit        07F0
__Lclrtext               clrtext      0000
__Lcode                  code         0000
__Lcommon                common       0000
__Lconfig                config       2007
__LcstackBANK0           cstackBANK0  0000
__LcstackCOMMON          cstackCOMMON 0000
__LdataBANK0             dataBANK0    0000
__Leeprom_data           eeprom_data  0000
__Lend_init              end_init     0000
__Lfunctab               functab      0000
__LidataBANK0            idataBANK0   0000
__Lidloc                 idloc        0000
__Linit                  init         0000
__Linittext              inittext     0000
__Lintentry              intentry     0000
__Lmaintext              maintext     0000
__Lpowerup               powerup      0000
__Lram                   ram          0000
__Lreset_vec             reset_vec    0000
__Lsfr0                  sfr0         0000
__Lsfr1                  sfr1         0000
__Lsfr2                  sfr2         0000
__Lsfr3                  sfr3         0000
__Lstrings               strings      0000
__Ltext                  text         0000
__S0                     (abs)        2008
__S1                     (abs)        007B
__S3                     (abs)        0000
___latbits               (abs)        0002
__end_of__initialization cinit        07FC
__end_of_main            maintext     07F0
__end_of_send_packet     text1        0789
__end_of_uart_send       text2        0734
__initialization         cinit        07F0
__pcstackBANK0           cstackBANK0  0020
__pcstackCOMMON          cstackCOMMON 0070
__pdataBANK0             dataBANK0    0032
__pidataBANK0            idataBANK0   0734
__pmaintext              maintext     0789
__ptext1                 text1        0755
__ptext2                 text2        072C
__size_of_main           (abs)        0000
__size_of_send_packet    (abs)        0000
__size_of_uart_send      (abs)        0000
_main                    maintext     0789
_send_packet             text1        0755
_uart_send               text2        072C
btemp                    (abs)        007E
end_of_initialization    cinit        07FC
init_fetch0              inittext     0744
init_ram0                inittext     0748
intlevel0                functab      0000
intlevel1                functab      0000
intlevel2                functab      0000
intlevel3                functab      0000
intlevel4                functab      0000
intlevel5                functab      0000
main@F986                dataBANK0    0032
main@_7seg               cstackBANK0  0020
main@no                  cstackBANK0  0030
main@num                 cstackBANK0  0031
reset_vec                reset_vec    0000
send_packet@buffer       cstackCOMMON 0072
send_packet@data         cstackCOMMON 0075
send_packet@i            cstackCOMMON 0076
start                    init         0000
start_initialization     cinit        07F0
uart_send@data           cstackCOMMON 0070
wtemp0                   (abs)        007E


FUNCTION INFORMATION:

 *************** function _main *****************
 Defined at:
		line 52 in file "../../Source file/PR16TX.c"
 Parameters:    Size  Location     Type
		None
 Auto vars:     Size  Location     Type
  _7seg          16    0[BANK0 ] unsigned char [16]
  num             1   17[BANK0 ] unsigned char 
  no              1   16[BANK0 ] unsigned char 
 Return value:  Size  Location     Type
		None               void
 Registers used:
		wreg, fsr0l, fsr0h, status,2, status,0, pclath, cstack
 Tracked objects:
		On entry : 
		On exit  : 
		Unchanged: 
 Data sizes:     COMMON   BANK0   BANK1   BANK3   BANK2
      Params:         0       0       0       0       0
      Locals:         0      18       0       0       0
      Temps:          4       0       0       0       0
      Totals:         4      18       0       0       0
Total ram usage:       22 bytes
 Hardware stack levels required when called:    2
 This function calls:
		_send_packet
 This function is called by:
		Startup code after reset
 This function uses a non-reentrant model


 *************** function _send_packet *****************
 Defined at:
		line 123 in file "../../Source file/PR16TX.c"
 Parameters:    Size  Location     Type
  data            1    wreg     unsigned char 
 Auto vars:     Size  Location     Type
  data            1    5[COMMON] unsigned char 
  buffer          3    2[COMMON] unsigned char [3]
  i               1    6[COMMON] unsigned char 
 Return value:  Size  Location     Type
		None               void
 Registers used:
		wreg, fsr0l, fsr0h, status,2, status,0, pclath, cstack
 Tracked objects:
		On entry : 
		On exit  : 
		Unchanged: 
 Data sizes:     COMMON   BANK0   BANK1   BANK3   BANK2
      Params:         0       0       0       0       0
      Locals:         5       0       0       0       0
      Temps:          1       0       0       0       0
      Totals:         6       0       0       0       0
Total ram usage:        6 bytes
 Hardware stack levels used:    1
 Hardware stack levels required when called:    1
 This function calls:
		_uart_send
 This function is called by:
		_main
 This function uses a non-reentrant model


 *************** function _uart_send *****************
 Defined at:
		line 116 in file "../../Source file/PR16TX.c"
 Parameters:    Size  Location     Type
  data            1    wreg     unsigned char 
 Auto vars:     Size  Location     Type
  data            1    0[COMMON] unsigned char 
 Return value:  Size  Location     Type
		None               void
 Registers used:
		wreg
 Tracked objects:
		On entry : 
		On exit  : 
		Unchanged: 
 Data sizes:     COMMON   BANK0   BANK1   BANK3   BANK2
      Params:         0       0       0       0       0
      Locals:         1       0       0       0       0
      Temps:          0       0       0       0       0
      Totals:         1       0       0       0       0
Total ram usage:        1 bytes
 Hardware stack levels used:    1
 This function calls:
		Nothing
 This function is called by:
		_send_packet
 This function uses a non-reentrant model



MODULE INFORMATION

Module		Function		Class		Link	Load	Size
../../Source file/PR16TX.c
		_main          		CODE           	0789	0000	103
		_send_packet   		CODE           	0755	0000	52
		_uart_send     		CODE           	072C	0000	8

../../Source file/PR16TX.c estimated size: 163

shared
		__initializatio		CODE           	07F0	0000	12

shared estimated size: 12

